
lucas@DESKTOP-MP309S8 MINGW64 ~
$

lucas@DESKTOP-MP309S8 MINGW64 ~
$

lucas@DESKTOP-MP309S8 MINGW64 ~
$ /pwd
bash: /pwd: No such file or directory

lucas@DESKTOP-MP309S8 MINGW64 ~
$ mkdir aulascriagit1

lucas@DESKTOP-MP309S8 MINGW64 ~
$ pwd
/c/Users/lucas

lucas@DESKTOP-MP309S8 MINGW64 ~
$ cd aulascriagit1

lucas@DESKTOP-MP309S8 MINGW64 ~/aulascriagit1
$ cd desktop
bash: cd: desktop: No such file or directory

lucas@DESKTOP-MP309S8 MINGW64 ~/aulascriagit1
$ mkdir aulascriagit1

lucas@DESKTOP-MP309S8 MINGW64 ~/aulascriagit1
$ cd desktop/
bash: cd: desktop/: No such file or directory

lucas@DESKTOP-MP309S8 MINGW64 ~/aulascriagit1
$ pwd
/c/Users/lucas/aulascriagit1

lucas@DESKTOP-MP309S8 MINGW64 ~/aulascriagit1
$ cd ..

lucas@DESKTOP-MP309S8 MINGW64 ~
$ cd desktop/

lucas@DESKTOP-MP309S8 MINGW64 ~/desktop
$ mkdir aulascriagit1

lucas@DESKTOP-MP309S8 MINGW64 ~/desktop
$ cd aulascriagit1

lucas@DESKTOP-MP309S8 MINGW64 ~/desktop/aulascriagit1
$ git int
git: 'int' is not a git command. See 'git --help'.

The most similar command is
        init

lucas@DESKTOP-MP309S8 MINGW64 ~/desktop/aulascriagit1
$ git init
Initialized empty Git repository in C:/Users/lucas/Desktop/aulascriagit1/.git/

lucas@DESKTOP-MP309S8 MINGW64 ~/desktop/aulascriagit1 (master)
$ touch arquivo.txt

lucas@DESKTOP-MP309S8 MINGW64 ~/desktop/aulascriagit1 (master)
$ git status
On branch master

No commits yet

Untracked files:
  (use "git add <file>..." to include in what will be committed)
        arquivo.txt

nothing added to commit but untracked files present (use "git add" to track)

lucas@DESKTOP-MP309S8 MINGW64 ~/desktop/aulascriagit1 (master)
$ git add arquivo.txt

lucas@DESKTOP-MP309S8 MINGW64 ~/desktop/aulascriagit1 (master)
$ git commit -m "eu criei o primeiro arquivo"
Author identity unknown

*** Please tell me who you are.

Run

  git config --global user.email "you@example.com"
  git config --global user.name "Your Name"

to set your account's default identity.
Omit --global to set the identity only in this repository.

fatal: unable to auto-detect email address (got 'lucas@DESKTOP-MP309S8.(none)')

lucas@DESKTOP-MP309S8 MINGW64 ~/desktop/aulascriagit1 (master)
$ git status
On branch master

No commits yet

Changes to be committed:
  (use "git rm --cached <file>..." to unstage)
        new file:   arquivo.txt

Changes not staged for commit:
  (use "git add <file>..." to update what will be committed)
  (use "git restore <file>..." to discard changes in working directory)
        modified:   arquivo.txt


lucas@DESKTOP-MP309S8 MINGW64 ~/desktop/aulascriagit1 (master)
$ git add arquivo.txt

lucas@DESKTOP-MP309S8 MINGW64 ~/desktop/aulascriagit1 (master)
$ git commit -m "eu alterei o arquivo"
Author identity unknown

*** Please tell me who you are.

Run

  git config --global user.email "you@example.com"
  git config --global user.name "Your Name"

to set your account's default identity.
Omit --global to set the identity only in this repository.

fatal: unable to auto-detect email address (got 'lucas@DESKTOP-MP309S8.(none)')

lucas@DESKTOP-MP309S8 MINGW64 ~/desktop/aulascriagit1 (master)
$ git log
fatal: your current branch 'master' does not have any commits yet

lucas@DESKTOP-MP309S8 MINGW64 ~/desktop/aulascriagit1 (master)
$ git checkout numerodocomit
error: pathspec 'numerodocomit' did not match any file(s) known to git

lucas@DESKTOP-MP309S8 MINGW64 ~/desktop/aulascriagit1 (master)
$ git checkout numerodocommit
error: pathspec 'numerodocommit' did not match any file(s) known to git

lucas@DESKTOP-MP309S8 MINGW64 ~/desktop/aulascriagit1 (master)
